
   PASS  Tests\Unit\ExampleTest
  ✓ that true is true                                                    0.01s  

   FAIL  Tests\Unit\Models\AboutTest
  ⨯ about can be created                                                 0.26s  
  ⨯ about images cast to array                                           0.02s  
  ⨯ about can be updated                                                 0.02s  
  ✓ about fillable attributes                                            0.02s  
  ⨯ about with minimal data                                              0.03s  

   FAIL  Tests\Unit\Models\FestivalCategoryTest
  ⨯ festival category can be created                                     0.02s  
  ⨯ festival category slug auto generated                                0.02s  
  ⨯ festival category can have custom slug                               0.03s  
  ⨯ active scope filters active categories                               0.02s  
  ⨯ ordered scope orders by created at                                   0.02s  
  ⨯ is active cast to boolean                                            0.02s  
  ⨯ festival category can be updated                                     0.02s  

   FAIL  Tests\Unit\Models\HeroTest
  ⨯ hero can be created                                                  0.03s  
  ⨯ hero images cast to array                                            0.02s  
  ⨯ hero can be updated                                                  0.02s  
  ✓ hero fillable attributes                                             0.02s  
  ⨯ hero can have empty images array                                     0.02s  

   FAIL  Tests\Unit\Models\SponsorTest
  ⨯ sponsor can be created                                               0.03s  
  ⨯ sponsor is active cast to boolean                                    0.02s  
  ⨯ active scope filters active sponsors                                 0.02s  
  ⨯ by tier scope filters by tier                                        0.02s  
  ⨯ sponsor can be updated                                               0.02s  
  ✓ sponsor fillable attributes                                          0.03s  
  ⨯ combining active and by tier scopes                                  0.02s  

   FAIL  Tests\Unit\Models\UserTest
  ⨯ user can be created                                                  0.03s  
  ⨯ user password is hashed                                              0.02s  
  ⨯ user password hidden in serialization                                0.02s  
  ⨯ user fillable attributes                                             0.03s  
  ⨯ user can have different roles                                        0.02s  

   FAIL  Tests\Feature\ExampleTest
  ⨯ the application returns a successful response                        0.98s  
  ────────────────────────────────────────────────────────────────────────────  
   FAILED  Tests\Unit\Models\AboutTest > about can be create…  QueryException   
  SQLSTATE[HY000]: General error: 1 no such table: abouts (Connection: sqlite, Database: :memory:, SQL: insert into "abouts" ("title", "content", "images", "updated_at", "created_at") values (About Us, This is the about page content, ["about.jpg"], 2026-05-26 17:14:35, 2026-05-26 17:14:35))

  at vendor\laravel\framework\src\Illuminate\Database\Connection.php:838
    834▕             $exceptionType = $this->isUniqueConstraintError($e)
    835▕                 ? UniqueConstraintViolationException::class
    836▕                 : QueryException::class;
    837▕ 
  ➜ 838▕             throw new $exceptionType(
    839▕                 $this->getNameWithReadWriteType(),
    840▕                 $query,
    841▕                 $this->prepareBindings($bindings),
    842▕                 $e,

  1   vendor\laravel\framework\src\Illuminate\Database\Connection.php:838

  2   vendor\laravel\framework\src\Illuminate\Database\Connection.php:578
      NunoMaduro\Collision\Exceptions\TestException::("SQLSTATE[HY000]: General error: 1 no such table: abouts")

  ────────────────────────────────────────────────────────────────────────────  
   FAILED  Tests\Unit\Models\AboutTest > about images cast t…  QueryException   
  SQLSTATE[HY000]: General error: 1 no such table: abouts (Connection: sqlite, Database: :memory:, SQL: insert into "abouts" ("title", "content", "images", "updated_at", "created_at") values (Festival Info, Content here, ["image1.jpg","image2.jpg","image3.jpg"], 2026-05-26 17:14:35, 2026-05-26 17:14:35))

  at vendor\laravel\framework\src\Illuminate\Database\Connection.php:838
    834▕             $exceptionType = $this->isUniqueConstraintError($e)
    835▕                 ? UniqueConstraintViolationException::class
    836▕                 : QueryException::class;
    837▕ 
  ➜ 838▕             throw new $exceptionType(
    839▕                 $this->getNameWithReadWriteType(),
    840▕                 $query,
    841▕                 $this->prepareBindings($bindings),
    842▕                 $e,

  1   vendor\laravel\framework\src\Illuminate\Database\Connection.php:838

  2   vendor\laravel\framework\src\Illuminate\Database\Connection.php:578
      NunoMaduro\Collision\Exceptions\TestException::("SQLSTATE[HY000]: General error: 1 no such table: abouts")

  ────────────────────────────────────────────────────────────────────────────  
   FAILED  Tests\Unit\Models\AboutTest > about can be update…  QueryException   
  SQLSTATE[HY000]: General error: 1 no such table: abouts (Connection: sqlite, Database: :memory:, SQL: insert into "abouts" ("title", "content", "images", "updated_at", "created_at") values (Old Title, Old content, ["old.jpg"], 2026-05-26 17:14:35, 2026-05-26 17:14:35))

  at vendor\laravel\framework\src\Illuminate\Database\Connection.php:838
    834▕             $exceptionType = $this->isUniqueConstraintError($e)
    835▕                 ? UniqueConstraintViolationException::class
    836▕                 : QueryException::class;
    837▕ 
  ➜ 838▕             throw new $exceptionType(
    839▕                 $this->getNameWithReadWriteType(),
    840▕                 $query,
    841▕                 $this->prepareBindings($bindings),
    842▕                 $e,

  1   vendor\laravel\framework\src\Illuminate\Database\Connection.php:838

  2   vendor\laravel\framework\src\Illuminate\Database\Connection.php:578
      NunoMaduro\Collision\Exceptions\TestException::("SQLSTATE[HY000]: General error: 1 no such table: abouts")

  ────────────────────────────────────────────────────────────────────────────  
   FAILED  Tests\Unit\Models\AboutTest > about with minimal…   QueryException   
  SQLSTATE[HY000]: General error: 1 no such table: abouts (Connection: sqlite, Database: :memory:, SQL: insert into "abouts" ("title", "content", "updated_at", "created_at") values (Minimal Title, Minimal content, 2026-05-26 17:14:35, 2026-05-26 17:14:35))

  at vendor\laravel\framework\src\Illuminate\Database\Connection.php:838
    834▕             $exceptionType = $this->isUniqueConstraintError($e)
    835▕                 ? UniqueConstraintViolationException::class
    836▕                 : QueryException::class;
    837▕ 
  ➜ 838▕             throw new $exceptionType(
    839▕                 $this->getNameWithReadWriteType(),
    840▕                 $query,
    841▕                 $this->prepareBindings($bindings),
    842▕                 $e,

  1   vendor\laravel\framework\src\Illuminate\Database\Connection.php:838

  2   vendor\laravel\framework\src\Illuminate\Database\Connection.php:578
      NunoMaduro\Collision\Exceptions\TestException::("SQLSTATE[HY000]: General error: 1 no such table: abouts")

  ────────────────────────────────────────────────────────────────────────────  
   FAILED  Tests\Unit\Models\FestivalCategoryTest > festival…  QueryException   
  SQLSTATE[HY000]: General error: 1 no such table: festival_categories (Connection: sqlite, Database: :memory:, SQL: insert into "festival_categories" ("title", "description", "color_scheme", "is_active", "slug", "updated_at", "created_at") values (Music Festival, A celebration of music, blue, 1, music-festival, 2026-05-26 17:14:35, 2026-05-26 17:14:35))

  at vendor\laravel\framework\src\Illuminate\Database\Connection.php:838
    834▕             $exceptionType = $this->isUniqueConstraintError($e)
    835▕                 ? UniqueConstraintViolationException::class
    836▕                 : QueryException::class;
    837▕ 
  ➜ 838▕             throw new $exceptionType(
    839▕                 $this->getNameWithReadWriteType(),
    840▕                 $query,
    841▕                 $this->prepareBindings($bindings),
    842▕                 $e,

  1   vendor\laravel\framework\src\Illuminate\Database\Connection.php:838

  2   vendor\laravel\framework\src\Illuminate\Database\Connection.php:578
      NunoMaduro\Collision\Exceptions\TestException::("SQLSTATE[HY000]: General error: 1 no such table: festival_categories")

  ────────────────────────────────────────────────────────────────────────────  
   FAILED  Tests\Unit\Models\FestivalCategoryTest > festival…  QueryException   
  SQLSTATE[HY000]: General error: 1 no such table: festival_categories (Connection: sqlite, Database: :memory:, SQL: insert into "festival_categories" ("title", "description", "slug", "updated_at", "created_at") values (Cultural Dance Festival, Traditional dance festival, cultural-dance-festival, 2026-05-26 17:14:35, 2026-05-26 17:14:35))

  at vendor\laravel\framework\src\Illuminate\Database\Connection.php:838
    834▕             $exceptionType = $this->isUniqueConstraintError($e)
    835▕                 ? UniqueConstraintViolationException::class
    836▕                 : QueryException::class;
    837▕ 
  ➜ 838▕             throw new $exceptionType(
    839▕                 $this->getNameWithReadWriteType(),
    840▕                 $query,
    841▕                 $this->prepareBindings($bindings),
    842▕                 $e,

  1   vendor\laravel\framework\src\Illuminate\Database\Connection.php:838

  2   vendor\laravel\framework\src\Illuminate\Database\Connection.php:578
      NunoMaduro\Collision\Exceptions\TestException::("SQLSTATE[HY000]: General error: 1 no such table: festival_categories")

  ────────────────────────────────────────────────────────────────────────────  
   FAILED  Tests\Unit\Models\FestivalCategoryTest > festival…  QueryException   
  SQLSTATE[HY000]: General error: 1 no such table: festival_categories (Connection: sqlite, Database: :memory:, SQL: insert into "festival_categories" ("title", "description", "slug", "updated_at", "created_at") values (Art Festival, Art exhibition, custom-slug, 2026-05-26 17:14:35, 2026-05-26 17:14:35))

  at vendor\laravel\framework\src\Illuminate\Database\Connection.php:838
    834▕             $exceptionType = $this->isUniqueConstraintError($e)
    835▕                 ? UniqueConstraintViolationException::class
    836▕                 : QueryException::class;
    837▕ 
  ➜ 838▕             throw new $exceptionType(
    839▕                 $this->getNameWithReadWriteType(),
    840▕                 $query,
    841▕                 $this->prepareBindings($bindings),
    842▕                 $e,

  1   vendor\laravel\framework\src\Illuminate\Database\Connection.php:838

  2   vendor\laravel\framework\src\Illuminate\Database\Connection.php:578
      NunoMaduro\Collision\Exceptions\TestException::("SQLSTATE[HY000]: General error: 1 no such table: festival_categories")

  ────────────────────────────────────────────────────────────────────────────  
   FAILED  Tests\Unit\Models\FestivalCategoryTest > active s…  QueryException   
  SQLSTATE[HY000]: General error: 1 no such table: festival_categories (Connection: sqlite, Database: :memory:, SQL: insert into "festival_categories" ("title", "is_active", "slug", "updated_at", "created_at") values (Active Festival, 1, active-festival, 2026-05-26 17:14:35, 2026-05-26 17:14:35))

  at vendor\laravel\framework\src\Illuminate\Database\Connection.php:838
    834▕             $exceptionType = $this->isUniqueConstraintError($e)
    835▕                 ? UniqueConstraintViolationException::class
    836▕                 : QueryException::class;
    837▕ 
  ➜ 838▕             throw new $exceptionType(
    839▕                 $this->getNameWithReadWriteType(),
    840▕                 $query,
    841▕                 $this->prepareBindings($bindings),
    842▕                 $e,

  1   vendor\laravel\framework\src\Illuminate\Database\Connection.php:838

  2   vendor\laravel\framework\src\Illuminate\Database\Connection.php:578
      NunoMaduro\Collision\Exceptions\TestException::("SQLSTATE[HY000]: General error: 1 no such table: festival_categories")

  ────────────────────────────────────────────────────────────────────────────  
   FAILED  Tests\Unit\Models\FestivalCategoryTest > ordered…   QueryException   
  SQLSTATE[HY000]: General error: 1 no such table: festival_categories (Connection: sqlite, Database: :memory:, SQL: insert into "festival_categories" ("title", "slug", "updated_at", "created_at") values (First, first, 2026-05-26 17:14:35, 2026-05-26 17:14:35))

  at vendor\laravel\framework\src\Illuminate\Database\Connection.php:838
    834▕             $exceptionType = $this->isUniqueConstraintError($e)
    835▕                 ? UniqueConstraintViolationException::class
    836▕                 : QueryException::class;
    837▕ 
  ➜ 838▕             throw new $exceptionType(
    839▕                 $this->getNameWithReadWriteType(),
    840▕                 $query,
    841▕                 $this->prepareBindings($bindings),
    842▕                 $e,

  1   vendor\laravel\framework\src\Illuminate\Database\Connection.php:838

  2   vendor\laravel\framework\src\Illuminate\Database\Connection.php:578
      NunoMaduro\Collision\Exceptions\TestException::("SQLSTATE[HY000]: General error: 1 no such table: festival_categories")

  ────────────────────────────────────────────────────────────────────────────  
   FAILED  Tests\Unit\Models\FestivalCategoryTest > is activ…  QueryException   
  SQLSTATE[HY000]: General error: 1 no such table: festival_categories (Connection: sqlite, Database: :memory:, SQL: insert into "festival_categories" ("title", "is_active", "slug", "updated_at", "created_at") values (Boolean Test, 1, boolean-test, 2026-05-26 17:14:35, 2026-05-26 17:14:35))

  at vendor\laravel\framework\src\Illuminate\Database\Connection.php:838
    834▕             $exceptionType = $this->isUniqueConstraintError($e)
    835▕                 ? UniqueConstraintViolationException::class
    836▕                 : QueryException::class;
    837▕ 
  ➜ 838▕             throw new $exceptionType(
    839▕                 $this->getNameWithReadWriteType(),
    840▕                 $query,
    841▕                 $this->prepareBindings($bindings),
    842▕                 $e,

  1   vendor\laravel\framework\src\Illuminate\Database\Connection.php:838

  2   vendor\laravel\framework\src\Illuminate\Database\Connection.php:578
      NunoMaduro\Collision\Exceptions\TestException::("SQLSTATE[HY000]: General error: 1 no such table: festival_categories")

  ────────────────────────────────────────────────────────────────────────────  
   FAILED  Tests\Unit\Models\FestivalCategoryTest > festival…  QueryException   
  SQLSTATE[HY000]: General error: 1 no such table: festival_categories (Connection: sqlite, Database: :memory:, SQL: insert into "festival_categories" ("title", "description", "slug", "updated_at", "created_at") values (Old Title, Old description, old-title, 2026-05-26 17:14:35, 2026-05-26 17:14:35))

  at vendor\laravel\framework\src\Illuminate\Database\Connection.php:838
    834▕             $exceptionType = $this->isUniqueConstraintError($e)
    835▕                 ? UniqueConstraintViolationException::class
    836▕                 : QueryException::class;
    837▕ 
  ➜ 838▕             throw new $exceptionType(
    839▕                 $this->getNameWithReadWriteType(),
    840▕                 $query,
    841▕                 $this->prepareBindings($bindings),
    842▕                 $e,

  1   vendor\laravel\framework\src\Illuminate\Database\Connection.php:838

  2   vendor\laravel\framework\src\Illuminate\Database\Connection.php:578
      NunoMaduro\Collision\Exceptions\TestException::("SQLSTATE[HY000]: General error: 1 no such table: festival_categories")

  ────────────────────────────────────────────────────────────────────────────  
   FAILED  Tests\Unit\Models\HeroTest > hero can be created    QueryException   
  SQLSTATE[HY000]: General error: 1 no such table: heroes (Connection: sqlite, Database: :memory:, SQL: insert into "heroes" ("description", "images", "updated_at", "created_at") values (Amazing festival event, ["image1.jpg","image2.jpg"], 2026-05-26 17:14:35, 2026-05-26 17:14:35))

  at vendor\laravel\framework\src\Illuminate\Database\Connection.php:838
    834▕             $exceptionType = $this->isUniqueConstraintError($e)
    835▕                 ? UniqueConstraintViolationException::class
    836▕                 : QueryException::class;
    837▕ 
  ➜ 838▕             throw new $exceptionType(
    839▕                 $this->getNameWithReadWriteType(),
    840▕                 $query,
    841▕                 $this->prepareBindings($bindings),
    842▕                 $e,

  1   vendor\laravel\framework\src\Illuminate\Database\Connection.php:838

  2   vendor\laravel\framework\src\Illuminate\Database\Connection.php:578
      NunoMaduro\Collision\Exceptions\TestException::("SQLSTATE[HY000]: General error: 1 no such table: heroes")

  ────────────────────────────────────────────────────────────────────────────  
   FAILED  Tests\Unit\Models\HeroTest > hero images cast to…   QueryException   
  SQLSTATE[HY000]: General error: 1 no such table: heroes (Connection: sqlite, Database: :memory:, SQL: insert into "heroes" ("description", "images", "updated_at", "created_at") values (Test hero, ["hero1.jpg","hero2.jpg","hero3.jpg"], 2026-05-26 17:14:35, 2026-05-26 17:14:35))

  at vendor\laravel\framework\src\Illuminate\Database\Connection.php:838
    834▕             $exceptionType = $this->isUniqueConstraintError($e)
    835▕                 ? UniqueConstraintViolationException::class
    836▕                 : QueryException::class;
    837▕ 
  ➜ 838▕             throw new $exceptionType(
    839▕                 $this->getNameWithReadWriteType(),
    840▕                 $query,
    841▕                 $this->prepareBindings($bindings),
    842▕                 $e,

  1   vendor\laravel\framework\src\Illuminate\Database\Connection.php:838

  2   vendor\laravel\framework\src\Illuminate\Database\Connection.php:578
      NunoMaduro\Collision\Exceptions\TestException::("SQLSTATE[HY000]: General error: 1 no such table: heroes")

  ────────────────────────────────────────────────────────────────────────────  
   FAILED  Tests\Unit\Models\HeroTest > hero can be updated    QueryException   
  SQLSTATE[HY000]: General error: 1 no such table: heroes (Connection: sqlite, Database: :memory:, SQL: insert into "heroes" ("description", "images", "updated_at", "created_at") values (Original description, ["old.jpg"], 2026-05-26 17:14:36, 2026-05-26 17:14:36))

  at vendor\laravel\framework\src\Illuminate\Database\Connection.php:838
    834▕             $exceptionType = $this->isUniqueConstraintError($e)
    835▕                 ? UniqueConstraintViolationException::class
    836▕                 : QueryException::class;
    837▕ 
  ➜ 838▕             throw new $exceptionType(
    839▕                 $this->getNameWithReadWriteType(),
    840▕                 $query,
    841▕                 $this->prepareBindings($bindings),
    842▕                 $e,

  1   vendor\laravel\framework\src\Illuminate\Database\Connection.php:838

  2   vendor\laravel\framework\src\Illuminate\Database\Connection.php:578
      NunoMaduro\Collision\Exceptions\TestException::("SQLSTATE[HY000]: General error: 1 no such table: heroes")

  ────────────────────────────────────────────────────────────────────────────  
   FAILED  Tests\Unit\Models\HeroTest > hero can have empty…   QueryException   
  SQLSTATE[HY000]: General error: 1 no such table: heroes (Connection: sqlite, Database: :memory:, SQL: insert into "heroes" ("description", "images", "updated_at", "created_at") values (No images hero, [], 2026-05-26 17:14:36, 2026-05-26 17:14:36))

  at vendor\laravel\framework\src\Illuminate\Database\Connection.php:838
    834▕             $exceptionType = $this->isUniqueConstraintError($e)
    835▕                 ? UniqueConstraintViolationException::class
    836▕                 : QueryException::class;
    837▕ 
  ➜ 838▕             throw new $exceptionType(
    839▕                 $this->getNameWithReadWriteType(),
    840▕                 $query,
    841▕                 $this->prepareBindings($bindings),
    842▕                 $e,

  1   vendor\laravel\framework\src\Illuminate\Database\Connection.php:838

  2   vendor\laravel\framework\src\Illuminate\Database\Connection.php:578
      NunoMaduro\Collision\Exceptions\TestException::("SQLSTATE[HY000]: General error: 1 no such table: heroes")

  ────────────────────────────────────────────────────────────────────────────  
   FAILED  Tests\Unit\Models\SponsorTest > sponsor can be cr…  QueryException   
  SQLSTATE[HY000]: General error: 1 no such table: sponsors (Connection: sqlite, Database: :memory:, SQL: insert into "sponsors" ("title", "image", "amount", "label", "tier", "website_url", "is_active", "updated_at", "created_at") values (Tech Company, logo.png, 50000, Gold Sponsor, gold, https://techcompany.com, 1, 2026-05-26 17:14:36, 2026-05-26 17:14:36))

  at vendor\laravel\framework\src\Illuminate\Database\Connection.php:838
    834▕             $exceptionType = $this->isUniqueConstraintError($e)
    835▕                 ? UniqueConstraintViolationException::class
    836▕                 : QueryException::class;
    837▕ 
  ➜ 838▕             throw new $exceptionType(
    839▕                 $this->getNameWithReadWriteType(),
    840▕                 $query,
    841▕                 $this->prepareBindings($bindings),
    842▕                 $e,

  1   vendor\laravel\framework\src\Illuminate\Database\Connection.php:838

  2   vendor\laravel\framework\src\Illuminate\Database\Connection.php:578
      NunoMaduro\Collision\Exceptions\TestException::("SQLSTATE[HY000]: General error: 1 no such table: sponsors")

  ────────────────────────────────────────────────────────────────────────────  
   FAILED  Tests\Unit\Models\SponsorTest > sponsor is active…  QueryException   
  SQLSTATE[HY000]: General error: 1 no such table: sponsors (Connection: sqlite, Database: :memory:, SQL: insert into "sponsors" ("title", "is_active", "updated_at", "created_at") values (Sponsor, 1, 2026-05-26 17:14:36, 2026-05-26 17:14:36))

  at vendor\laravel\framework\src\Illuminate\Database\Connection.php:838
    834▕             $exceptionType = $this->isUniqueConstraintError($e)
    835▕                 ? UniqueConstraintViolationException::class
    836▕                 : QueryException::class;
    837▕ 
  ➜ 838▕             throw new $exceptionType(
    839▕                 $this->getNameWithReadWriteType(),
    840▕                 $query,
    841▕                 $this->prepareBindings($bindings),
    842▕                 $e,

  1   vendor\laravel\framework\src\Illuminate\Database\Connection.php:838

  2   vendor\laravel\framework\src\Illuminate\Database\Connection.php:578
      NunoMaduro\Collision\Exceptions\TestException::("SQLSTATE[HY000]: General error: 1 no such table: sponsors")

  ────────────────────────────────────────────────────────────────────────────  
   FAILED  Tests\Unit\Models\SponsorTest > active scope filt…  QueryException   
  SQLSTATE[HY000]: General error: 1 no such table: sponsors (Connection: sqlite, Database: :memory:, SQL: insert into "sponsors" ("title", "is_active", "updated_at", "created_at") values (Active Sponsor, 1, 2026-05-26 17:14:36, 2026-05-26 17:14:36))

  at vendor\laravel\framework\src\Illuminate\Database\Connection.php:838
    834▕             $exceptionType = $this->isUniqueConstraintError($e)
    835▕                 ? UniqueConstraintViolationException::class
    836▕                 : QueryException::class;
    837▕ 
  ➜ 838▕             throw new $exceptionType(
    839▕                 $this->getNameWithReadWriteType(),
    840▕                 $query,
    841▕                 $this->prepareBindings($bindings),
    842▕                 $e,

  1   vendor\laravel\framework\src\Illuminate\Database\Connection.php:838

  2   vendor\laravel\framework\src\Illuminate\Database\Connection.php:578
      NunoMaduro\Collision\Exceptions\TestException::("SQLSTATE[HY000]: General error: 1 no such table: sponsors")

  ────────────────────────────────────────────────────────────────────────────  
   FAILED  Tests\Unit\Models\SponsorTest > by tier scope fil…  QueryException   
  SQLSTATE[HY000]: General error: 1 no such table: sponsors (Connection: sqlite, Database: :memory:, SQL: insert into "sponsors" ("title", "tier", "updated_at", "created_at") values (Gold Sponsor, gold, 2026-05-26 17:14:36, 2026-05-26 17:14:36))

  at vendor\laravel\framework\src\Illuminate\Database\Connection.php:838
    834▕             $exceptionType = $this->isUniqueConstraintError($e)
    835▕                 ? UniqueConstraintViolationException::class
    836▕                 : QueryException::class;
    837▕ 
  ➜ 838▕             throw new $exceptionType(
    839▕                 $this->getNameWithReadWriteType(),
    840▕                 $query,
    841▕                 $this->prepareBindings($bindings),
    842▕                 $e,

  1   vendor\laravel\framework\src\Illuminate\Database\Connection.php:838

  2   vendor\laravel\framework\src\Illuminate\Database\Connection.php:578
      NunoMaduro\Collision\Exceptions\TestException::("SQLSTATE[HY000]: General error: 1 no such table: sponsors")

  ────────────────────────────────────────────────────────────────────────────  
   FAILED  Tests\Unit\Models\SponsorTest > sponsor can be up…  QueryException   
  SQLSTATE[HY000]: General error: 1 no such table: sponsors (Connection: sqlite, Database: :memory:, SQL: insert into "sponsors" ("title", "amount", "tier", "updated_at", "created_at") values (Old Company, 10000, bronze, 2026-05-26 17:14:36, 2026-05-26 17:14:36))

  at vendor\laravel\framework\src\Illuminate\Database\Connection.php:838
    834▕             $exceptionType = $this->isUniqueConstraintError($e)
    835▕                 ? UniqueConstraintViolationException::class
    836▕                 : QueryException::class;
    837▕ 
  ➜ 838▕             throw new $exceptionType(
    839▕                 $this->getNameWithReadWriteType(),
    840▕                 $query,
    841▕                 $this->prepareBindings($bindings),
    842▕                 $e,

  1   vendor\laravel\framework\src\Illuminate\Database\Connection.php:838

  2   vendor\laravel\framework\src\Illuminate\Database\Connection.php:578
      NunoMaduro\Collision\Exceptions\TestException::("SQLSTATE[HY000]: General error: 1 no such table: sponsors")

  ────────────────────────────────────────────────────────────────────────────  
   FAILED  Tests\Unit\Models\SponsorTest > combining active…   QueryException   
  SQLSTATE[HY000]: General error: 1 no such table: sponsors (Connection: sqlite, Database: :memory:, SQL: insert into "sponsors" ("title", "tier", "is_active", "updated_at", "created_at") values (Active Gold, gold, 1, 2026-05-26 17:14:36, 2026-05-26 17:14:36))

  at vendor\laravel\framework\src\Illuminate\Database\Connection.php:838
    834▕             $exceptionType = $this->isUniqueConstraintError($e)
    835▕                 ? UniqueConstraintViolationException::class
    836▕                 : QueryException::class;
    837▕ 
  ➜ 838▕             throw new $exceptionType(
    839▕                 $this->getNameWithReadWriteType(),
    840▕                 $query,
    841▕                 $this->prepareBindings($bindings),
    842▕                 $e,

  1   vendor\laravel\framework\src\Illuminate\Database\Connection.php:838

  2   vendor\laravel\framework\src\Illuminate\Database\Connection.php:578
      NunoMaduro\Collision\Exceptions\TestException::("SQLSTATE[HY000]: General error: 1 no such table: sponsors")

  ────────────────────────────────────────────────────────────────────────────  
   FAILED  Tests\Unit\Models\UserTest > user can be created    QueryException   
  SQLSTATE[HY000]: General error: 1 no such table: users (Connection: sqlite, Database: :memory:, SQL: insert into "users" ("name", "email", "password", "role", "updated_at", "created_at") values (John Doe, john@example.com, $2y$04$BiRFQ35sTm903pXwPMFNmec.IVp8wpN5e4crN8Vfb/ya1ZwbLZyWG, admin, 2026-05-26 17:14:36, 2026-05-26 17:14:36))

  at vendor\laravel\framework\src\Illuminate\Database\Connection.php:838
    834▕             $exceptionType = $this->isUniqueConstraintError($e)
    835▕                 ? UniqueConstraintViolationException::class
    836▕                 : QueryException::class;
    837▕ 
  ➜ 838▕             throw new $exceptionType(
    839▕                 $this->getNameWithReadWriteType(),
    840▕                 $query,
    841▕                 $this->prepareBindings($bindings),
    842▕                 $e,

  1   vendor\laravel\framework\src\Illuminate\Database\Connection.php:838

  2   vendor\laravel\framework\src\Illuminate\Database\Connection.php:578
      NunoMaduro\Collision\Exceptions\TestException::("SQLSTATE[HY000]: General error: 1 no such table: users")

  ────────────────────────────────────────────────────────────────────────────  
   FAILED  Tests\Unit\Models\UserTest > user password is has…  QueryException   
  SQLSTATE[HY000]: General error: 1 no such table: users (Connection: sqlite, Database: :memory:, SQL: insert into "users" ("name", "email", "password", "updated_at", "created_at") values (Jane Doe, jane@example.com, $2y$04$LVBmUcXqGBPnDq2JbNo0UO.k.ZFm8x2yQGeZpM68KiC/A8z093aIa, 2026-05-26 17:14:36, 2026-05-26 17:14:36))

  at vendor\laravel\framework\src\Illuminate\Database\Connection.php:838
    834▕             $exceptionType = $this->isUniqueConstraintError($e)
    835▕                 ? UniqueConstraintViolationException::class
    836▕                 : QueryException::class;
    837▕ 
  ➜ 838▕             throw new $exceptionType(
    839▕                 $this->getNameWithReadWriteType(),
    840▕                 $query,
    841▕                 $this->prepareBindings($bindings),
    842▕                 $e,

  1   vendor\laravel\framework\src\Illuminate\Database\Connection.php:838

  2   vendor\laravel\framework\src\Illuminate\Database\Connection.php:578
      NunoMaduro\Collision\Exceptions\TestException::("SQLSTATE[HY000]: General error: 1 no such table: users")

  ────────────────────────────────────────────────────────────────────────────  
   FAILED  Tests\Unit\Models\UserTest > user password hidden…  QueryException   
  SQLSTATE[HY000]: General error: 1 no such table: users (Connection: sqlite, Database: :memory:, SQL: insert into "users" ("name", "email", "password", "updated_at", "created_at") values (Test User, test@example.com, $2y$04$4C9CosEXh5fJYeeyxuzJDunjXERJsUwGnYK3j6Bl1p9ls5ctx/jOa, 2026-05-26 17:14:36, 2026-05-26 17:14:36))

  at vendor\laravel\framework\src\Illuminate\Database\Connection.php:838
    834▕             $exceptionType = $this->isUniqueConstraintError($e)
    835▕                 ? UniqueConstraintViolationException::class
    836▕                 : QueryException::class;
    837▕ 
  ➜ 838▕             throw new $exceptionType(
    839▕                 $this->getNameWithReadWriteType(),
    840▕                 $query,
    841▕                 $this->prepareBindings($bindings),
    842▕                 $e,

  1   vendor\laravel\framework\src\Illuminate\Database\Connection.php:838

  2   vendor\laravel\framework\src\Illuminate\Database\Connection.php:578
      NunoMaduro\Collision\Exceptions\TestException::("SQLSTATE[HY000]: General error: 1 no such table: users")

  ────────────────────────────────────────────────────────────────────────────  
   FAILED  Tests\Unit\Models\UserTest > user fillable attrib…  QueryException   
  SQLSTATE[HY000]: General error: 1 no such table: users (Connection: sqlite, Database: :memory:, SQL: insert into "users" ("name", "email", "password", "updated_at", "created_at") values (Test, test@example.com, $2y$04$E/CXdAEv7sK7srsIbJslJe5M.JtBNsrZeatfwHVg6BXBuC.5AzaV., 2026-05-26 17:14:36, 2026-05-26 17:14:36))

  at vendor\laravel\framework\src\Illuminate\Database\Connection.php:838
    834▕             $exceptionType = $this->isUniqueConstraintError($e)
    835▕                 ? UniqueConstraintViolationException::class
    836▕                 : QueryException::class;
    837▕ 
  ➜ 838▕             throw new $exceptionType(
    839▕                 $this->getNameWithReadWriteType(),
    840▕                 $query,
    841▕                 $this->prepareBindings($bindings),
    842▕                 $e,

  1   vendor\laravel\framework\src\Illuminate\Database\Connection.php:838

  2   vendor\laravel\framework\src\Illuminate\Database\Connection.php:578
      NunoMaduro\Collision\Exceptions\TestException::("SQLSTATE[HY000]: General error: 1 no such table: users")

  ────────────────────────────────────────────────────────────────────────────  
   FAILED  Tests\Unit\Models\UserTest > user can have differ…  QueryException   
  SQLSTATE[HY000]: General error: 1 no such table: users (Connection: sqlite, Database: :memory:, SQL: insert into "users" ("name", "email", "password", "role", "updated_at", "created_at") values (Admin, admin@example.com, $2y$04$KzZPx332gS7ff73cr8BvpOeOb7ljpNBIwOpUnIXleyut4/Wf/4jwW, admin, 2026-05-26 17:14:36, 2026-05-26 17:14:36))

  at vendor\laravel\framework\src\Illuminate\Database\Connection.php:838
    834▕             $exceptionType = $this->isUniqueConstraintError($e)
    835▕                 ? UniqueConstraintViolationException::class
    836▕                 : QueryException::class;
    837▕ 
  ➜ 838▕             throw new $exceptionType(
    839▕                 $this->getNameWithReadWriteType(),
    840▕                 $query,
    841▕                 $this->prepareBindings($bindings),
    842▕                 $e,

  1   vendor\laravel\framework\src\Illuminate\Database\Connection.php:838

  2   vendor\laravel\framework\src\Illuminate\Database\Connection.php:578
      NunoMaduro\Collision\Exceptions\TestException::("SQLSTATE[HY000]: General error: 1 no such table: users")

  ────────────────────────────────────────────────────────────────────────────  
   FAILED  Tests\Feature\ExampleTest > the application returns a successful…    
  Expected response status code [200] but received 500.
Failed asserting that 500 is identical to 200.

The following exception occurred during the last request:

ErrorException: Undefined variable $data in C:\laragon\www\Tarahara Utsav\Tarahara_Utsav\app\Http\Controllers\FrontendController.php:54
Stack trace:
#0 C:\laragon\www\Tarahara Utsav\Tarahara_Utsav\vendor\laravel\framework\src\Illuminate\Foundation\Bootstrap\HandleExceptions.php(258): Illuminate\Foundation\Bootstrap\HandleExceptions->handleError(2, 'Undefined varia...', 'C:\\laragon\\www\\...', 54)
#1 C:\laragon\www\Tarahara Utsav\Tarahara_Utsav\app\Http\Controllers\FrontendController.php(54): Illuminate\Foundation\Bootstrap\HandleExceptions->Illuminate\Foundation\Bootstrap\{closure}(2, 'Undefined varia...', 'C:\\laragon\\www\\...', 54)
#2 C:\laragon\www\Tarahara Utsav\Tarahara_Utsav\app\Http\Controllers\FrontendController.php(381): App\Http\Controllers\FrontendController->getHeroData()
#3 C:\laragon\www\Tarahara Utsav\Tarahara_Utsav\vendor\laravel\framework\src\Illuminate\Routing\ControllerDispatcher.php(46): App\Http\Controllers\FrontendController->home()
#4 C:\laragon\www\Tarahara Utsav\Tarahara_Utsav\vendor\laravel\framework\src\Illuminate\Routing\Route.php(265): Illuminate\Routing\ControllerDispatcher->dispatch(Object(Illuminate\Routing\Route), Object(App\Http\Controllers\FrontendController), 'home')
#5 C:\laragon\www\Tarahara Utsav\Tarahara_Utsav\vendor\laravel\framework\src\Illuminate\Routing\Route.php(211): Illuminate\Routing\Route->runController()
#6 C:\laragon\www\Tarahara Utsav\Tarahara_Utsav\vendor\laravel\framework\src\Illuminate\Routing\Router.php(822): Illuminate\Routing\Route->run()
#7 C:\laragon\www\Tarahara Utsav\Tarahara_Utsav\vendor\laravel\framework\src\Illuminate\Pipeline\Pipeline.php(180): Illuminate\Routing\Router->Illuminate\Routing\{closure}(Object(Illuminate\Http\Request))
#8 C:\laragon\www\Tarahara Utsav\Tarahara_Utsav\vendor\laravel\framework\src\Illuminate\Routing\Middleware\SubstituteBindings.php(50): Illuminate\Pipeline\Pipeline->Illuminate\Pipeline\{closure}(Object(Illuminate\Http\Request))
#9 C:\laragon\www\Tarahara Utsav\Tarahara_Utsav\vendor\laravel\framework\src\Illuminate\Pipeline\Pipeline.php(219): Illuminate\Routing\Middleware\SubstituteBindings->handle(Object(Illuminate\Http\Request), Object(Closure))
#10 C:\laragon\www\Tarahara Utsav\Tarahara_Utsav\vendor\laravel\framework\src\Illuminate\Foundation\Http\Middleware\VerifyCsrfToken.php(87): Illuminate\Pipeline\Pipeline->Illuminate\Pipeline\{closure}(Object(Illuminate\Http\Request))
#11 C:\laragon\www\Tarahara Utsav\Tarahara_Utsav\vendor\laravel\framework\src\Illuminate\Pipeline\Pipeline.php(219): Illuminate\Foundation\Http\Middleware\VerifyCsrfToken->handle(Object(Illuminate\Http\Request), Object(Closure))
#12 C:\laragon\www\Tarahara Utsav\Tarahara_Utsav\vendor\laravel\framework\src\Illuminate\View\Middleware\ShareErrorsFromSession.php(48): Illuminate\Pipeline\Pipeline->Illuminate\Pipeline\{closure}(Object(Illuminate\Http\Request))
#13 C:\laragon\www\Tarahara Utsav\Tarahara_Utsav\vendor\laravel\framework\src\Illuminate\Pipeline\Pipeline.php(219): Illuminate\View\Middleware\ShareErrorsFromSession->handle(Object(Illuminate\Http\Request), Object(Closure))
#14 C:\laragon\www\Tarahara Utsav\Tarahara_Utsav\vendor\laravel\framework\src\Illuminate\Session\Middleware\StartSession.php(120): Illuminate\Pipeline\Pipeline->Illuminate\Pipeline\{closure}(Object(Illuminate\Http\Request))
#15 C:\laragon\www\Tarahara Utsav\Tarahara_Utsav\vendor\laravel\framework\src\Illuminate\Session\Middleware\StartSession.php(63): Illuminate\Session\Middleware\StartSession->handleStatefulRequest(Object(Illuminate\Http\Request), Object(Illuminate\Session\Store), Object(Closure))
#16 C:\laragon\www\Tarahara Utsav\Tarahara_Utsav\vendor\laravel\framework\src\Illuminate\Pipeline\Pipeline.php(219): Illuminate\Session\Middleware\StartSession->handle(Object(Illuminate\Http\Request), Object(Closure))
#17 C:\laragon\www\Tarahara Utsav\Tarahara_Utsav\vendor\laravel\framework\src\Illuminate\Cookie\Middleware\AddQueuedCookiesToResponse.php(36): Illuminate\Pipeline\Pipeline->Illuminate\Pipeline\{closure}(Object(Illuminate\Http\Request))
#18 C:\laragon\www\Tarahara Utsav\Tarahara_Utsav\vendor\laravel\framework\src\Illuminate\Pipeline\Pipeline.php(219): Illuminate\Cookie\Middleware\AddQueuedCookiesToResponse->handle(Object(Illuminate\Http\Request), Object(Closure))
#19 C:\laragon\www\Tarahara Utsav\Tarahara_Utsav\vendor\laravel\framework\src\Illuminate\Cookie\Middleware\EncryptCookies.php(74): Illuminate\Pipeline\Pipeline->Illuminate\Pipeline\{closure}(Object(Illuminate\Http\Request))
#20 C:\laragon\www\Tarahara Utsav\Tarahara_Utsav\vendor\laravel\framework\src\Illuminate\Pipeline\Pipeline.php(219): Illuminate\Cookie\Middleware\EncryptCookies->handle(Object(Illuminate\Http\Request), Object(Closure))
#21 C:\laragon\www\Tarahara Utsav\Tarahara_Utsav\vendor\laravel\framework\src\Illuminate\Pipeline\Pipeline.php(137): Illuminate\Pipeline\Pipeline->Illuminate\Pipeline\{closure}(Object(Illuminate\Http\Request))
#22 C:\laragon\www\Tarahara Utsav\Tarahara_Utsav\vendor\laravel\framework\src\Illuminate\Routing\Router.php(821): Illuminate\Pipeline\Pipeline->then(Object(Closure))
#23 C:\laragon\www\Tarahara Utsav\Tarahara_Utsav\vendor\laravel\framework\src\Illuminate\Routing\Router.php(800): Illuminate\Routing\Router->runRouteWithinStack(Object(Illuminate\Routing\Route), Object(Illuminate\Http\Request))
#24 C:\laragon\www\Tarahara Utsav\Tarahara_Utsav\vendor\laravel\framework\src\Illuminate\Routing\Router.php(764): Illuminate\Routing\Router->runRoute(Object(Illuminate\Http\Request), Object(Illuminate\Routing\Route))
#25 C:\laragon\www\Tarahara Utsav\Tarahara_Utsav\vendor\laravel\framework\src\Illuminate\Routing\Router.php(753): Illuminate\Routing\Router->dispatchToRoute(Object(Illuminate\Http\Request))
#26 C:\laragon\www\Tarahara Utsav\Tarahara_Utsav\vendor\laravel\framework\src\Illuminate\Foundation\Http\Kernel.php(200): Illuminate\Routing\Router->dispatch(Object(Illuminate\Http\Request))
#27 C:\laragon\www\Tarahara Utsav\Tarahara_Utsav\vendor\laravel\framework\src\Illuminate\Pipeline\Pipeline.php(180): Illuminate\Foundation\Http\Kernel->Illuminate\Foundation\Http\{closure}(Object(Illuminate\Http\Request))
#28 C:\laragon\www\Tarahara Utsav\Tarahara_Utsav\vendor\laravel\framework\src\Illuminate\Foundation\Http\Middleware\TransformsRequest.php(21): Illuminate\Pipeline\Pipeline->Illuminate\Pipeline\{closure}(Object(Illuminate\Http\Request))
#29 C:\laragon\www\Tarahara Utsav\Tarahara_Utsav\vendor\laravel\framework\src\Illuminate\Foundation\Http\Middleware\ConvertEmptyStringsToNull.php(31): Illuminate\Foundation\Http\Middleware\TransformsRequest->handle(Object(Illuminate\Http\Request), Object(Closure))
#30 C:\laragon\www\Tarahara Utsav\Tarahara_Utsav\vendor\laravel\framework\src\Illuminate\Pipeline\Pipeline.php(219): Illuminate\Foundation\Http\Middleware\ConvertEmptyStringsToNull->handle(Object(Illuminate\Http\Request), Object(Closure))
#31 C:\laragon\www\Tarahara Utsav\Tarahara_Utsav\vendor\laravel\framework\src\Illuminate\Foundation\Http\Middleware\TransformsRequest.php(21): Illuminate\Pipeline\Pipeline->Illuminate\Pipeline\{closure}(Object(Illuminate\Http\Request))
#32 C:\laragon\www\Tarahara Utsav\Tarahara_Utsav\vendor\laravel\framework\src\Illuminate\Foundation\Http\Middleware\TrimStrings.php(51): Illuminate\Foundation\Http\Middleware\TransformsRequest->handle(Object(Illuminate\Http\Request), Object(Closure))
#33 C:\laragon\www\Tarahara Utsav\Tarahara_Utsav\vendor\laravel\framework\src\Illuminate\Pipeline\Pipeline.php(219): Illuminate\Foundation\Http\Middleware\TrimStrings->handle(Object(Illuminate\Http\Request), Object(Closure))
#34 C:\laragon\www\Tarahara Utsav\Tarahara_Utsav\vendor\laravel\framework\src\Illuminate\Http\Middleware\ValidatePostSize.php(27): Illuminate\Pipeline\Pipeline->Illuminate\Pipeline\{closure}(Object(Illuminate\Http\Request))
#35 C:\laragon\www\Tarahara Utsav\Tarahara_Utsav\vendor\laravel\framework\src\Illuminate\Pipeline\Pipeline.php(219): Illuminate\Http\Middleware\ValidatePostSize->handle(Object(Illuminate\Http\Request), Object(Closure))
#36 C:\laragon\www\Tarahara Utsav\Tarahara_Utsav\vendor\laravel\framework\src\Illuminate\Foundation\Http\Middleware\PreventRequestsDuringMaintenance.php(109): Illuminate\Pipeline\Pipeline->Illuminate\Pipeline\{closure}(Object(Illuminate\Http\Request))
#37 C:\laragon\www\Tarahara Utsav\Tarahara_Utsav\vendor\laravel\framework\src\Illuminate\Pipeline\Pipeline.php(219): Illuminate\Foundation\Http\Middleware\PreventRequestsDuringMaintenance->handle(Object(Illuminate\Http\Request), Object(Closure))
#38 C:\laragon\www\Tarahara Utsav\Tarahara_Utsav\vendor\laravel\framework\src\Illuminate\Http\Middleware\HandleCors.php(61): Illuminate\Pipeline\Pipeline->Illuminate\Pipeline\{closure}(Object(Illuminate\Http\Request))
#39 C:\laragon\www\Tarahara Utsav\Tarahara_Utsav\vendor\laravel\framework\src\Illuminate\Pipeline\Pipeline.php(219): Illuminate\Http\Middleware\HandleCors->handle(Object(Illuminate\Http\Request), Object(Closure))
#40 C:\laragon\www\Tarahara Utsav\Tarahara_Utsav\vendor\laravel\framework\src\Illuminate\Http\Middleware\TrustProxies.php(58): Illuminate\Pipeline\Pipeline->Illuminate\Pipeline\{closure}(Object(Illuminate\Http\Request))
#41 C:\laragon\www\Tarahara Utsav\Tarahara_Utsav\vendor\laravel\framework\src\Illuminate\Pipeline\Pipeline.php(219): Illuminate\Http\Middleware\TrustProxies->handle(Object(Illuminate\Http\Request), Object(Closure))
#42 C:\laragon\www\Tarahara Utsav\Tarahara_Utsav\vendor\laravel\framework\src\Illuminate\Foundation\Http\Middleware\InvokeDeferredCallbacks.php(22): Illuminate\Pipeline\Pipeline->Illuminate\Pipeline\{closure}(Object(Illuminate\Http\Request))
#43 C:\laragon\www\Tarahara Utsav\Tarahara_Utsav\vendor\laravel\framework\src\Illuminate\Pipeline\Pipeline.php(219): Illuminate\Foundation\Http\Middleware\InvokeDeferredCallbacks->handle(Object(Illuminate\Http\Request), Object(Closure))
#44 C:\laragon\www\Tarahara Utsav\Tarahara_Utsav\vendor\laravel\framework\src\Illuminate\Http\Middleware\ValidatePathEncoding.php(26): Illuminate\Pipeline\Pipeline->Illuminate\Pipeline\{closure}(Object(Illuminate\Http\Request))
#45 C:\laragon\www\Tarahara Utsav\Tarahara_Utsav\vendor\laravel\framework\src\Illuminate\Pipeline\Pipeline.php(219): Illuminate\Http\Middleware\ValidatePathEncoding->handle(Object(Illuminate\Http\Request), Object(Closure))
#46 C:\laragon\www\Tarahara Utsav\Tarahara_Utsav\vendor\laravel\framework\src\Illuminate\Pipeline\Pipeline.php(137): Illuminate\Pipeline\Pipeline->Illuminate\Pipeline\{closure}(Object(Illuminate\Http\Request))
#47 C:\laragon\www\Tarahara Utsav\Tarahara_Utsav\vendor\laravel\framework\src\Illuminate\Foundation\Http\Kernel.php(175): Illuminate\Pipeline\Pipeline->then(Object(Closure))
#48 C:\laragon\www\Tarahara Utsav\Tarahara_Utsav\vendor\laravel\framework\src\Illuminate\Foundation\Http\Kernel.php(144): Illuminate\Foundation\Http\Kernel->sendRequestThroughRouter(Object(Illuminate\Http\Request))
#49 C:\laragon\www\Tarahara Utsav\Tarahara_Utsav\vendor\laravel\framework\src\Illuminate\Foundation\Testing\Concerns\MakesHttpRequests.php(607): Illuminate\Foundation\Http\Kernel->handle(Object(Illuminate\Http\Request))
#50 C:\laragon\www\Tarahara Utsav\Tarahara_Utsav\vendor\laravel\framework\src\Illuminate\Foundation\Testing\Concerns\MakesHttpRequests.php(368): Illuminate\Foundation\Testing\TestCase->call('GET', '/', Array, Array, Array, Array)
#51 C:\laragon\www\Tarahara Utsav\Tarahara_Utsav\tests\Feature\ExampleTest.php(15): Illuminate\Foundation\Testing\TestCase->get('/')
#52 C:\laragon\www\Tarahara Utsav\Tarahara_Utsav\vendor\phpunit\phpunit\src\Framework\TestCase.php(1667): Tests\Feature\ExampleTest->test_the_application_returns_a_successful_response()
#53 C:\laragon\www\Tarahara Utsav\Tarahara_Utsav\vendor\phpunit\phpunit\src\Framework\TestCase.php(519): PHPUnit\Framework\TestCase->runTest()
#54 C:\laragon\www\Tarahara Utsav\Tarahara_Utsav\vendor\phpunit\phpunit\src\Framework\TestRunner\TestRunner.php(87): PHPUnit\Framework\TestCase->runBare()
#55 C:\laragon\www\Tarahara Utsav\Tarahara_Utsav\vendor\phpunit\phpunit\src\Framework\TestCase.php(365): PHPUnit\Framework\TestRunner->run(Object(Tests\Feature\ExampleTest))
#56 C:\laragon\www\Tarahara Utsav\Tarahara_Utsav\vendor\phpunit\phpunit\src\Framework\TestSuite.php(369): PHPUnit\Framework\TestCase->run()
#57 C:\laragon\www\Tarahara Utsav\Tarahara_Utsav\vendor\phpunit\phpunit\src\Framework\TestSuite.php(369): PHPUnit\Framework\TestSuite->run()
#58 C:\laragon\www\Tarahara Utsav\Tarahara_Utsav\vendor\phpunit\phpunit\src\Framework\TestSuite.php(369): PHPUnit\Framework\TestSuite->run()
#59 C:\laragon\www\Tarahara Utsav\Tarahara_Utsav\vendor\phpunit\phpunit\src\TextUI\TestRunner.php(64): PHPUnit\Framework\TestSuite->run()
#60 C:\laragon\www\Tarahara Utsav\Tarahara_Utsav\vendor\phpunit\phpunit\src\TextUI\Application.php(211): PHPUnit\TextUI\TestRunner->run(Object(PHPUnit\TextUI\Configuration\Configuration), Object(PHPUnit\Runner\ResultCache\DefaultResultCache), Object(PHPUnit\Framework\TestSuite))
#61 C:\laragon\www\Tarahara Utsav\Tarahara_Utsav\vendor\phpunit\phpunit\phpunit(104): PHPUnit\TextUI\Application->run(Array)
#62 {main}

----------------------------------------------------------------------------------

Undefined variable $data

  at tests\Feature\ExampleTest.php:17
     13▕     public function test_the_application_returns_a_successful_response(): void
     14▕     {
     15▕         $response = $this->get('/');
     16▕ 
  ➜  17▕         $response->assertStatus(200);
     18▕     }
     19▕ }
     20▕


  Tests:    27 failed, 4 passed (5 assertions)
  Duration: 2.12s

